Texture Groups complete! Took 3 ms
Dumping Scripts...
Dumping Objects...
Dumping Sounds...
Dumping Rooms...
Dumping Sprites...
Dumping Fonts...
Dumping Sequences...
Dumping Shaders...
Dumping Extensions...
Dumping Paths...
Dumping Animation Curves...
Dumping Tilesets...
Dumping Timelines...
Fonts complete! Took 27 ms
Sequences complete! Took 27 ms
Paths complete! Took 26 ms
Animation Curves complete! Took 26 ms
Timelines complete! Took 25 ms
Tilesets complete! Took 352 ms
Extensions complete! Took 1552 ms
Shaders complete! Took 2743 ms
Scripts complete! Took 4771 ms
Rooms complete! Took 7281 ms
Objects complete! Took 31510 ms
Sprites complete! Took 35582 ms
Sounds complete! Took 79982 ms
All Textures complete! Took 225090 ms
Created GlobalInit Script.
All assets complete! Took 305858 ms
